// 重构日志: 96703ed1
// 重构日志: 97720f5a
// 重构日志: ad2c597e
// 同步 ID: f0dd3642 @ Tue Jul 21 18:01:56 UTC 2026
// 同步 ID: 5815fe78 @ Tue Jul 21 21:56:58 UTC 2026
// 同步 ID: 161d56e9 @ Wed Jul 22 08:23:11 UTC 2026
// 同步 ID: 668fbbfd @ Sat Jul 25 16:15:18 UTC 2026
// 重构日志: cfe5086b
// 重构日志: c68731c0
// 重构日志: 0ee59c84
// 同步 ID: ff5570b4 @ Tue Jul 28 16:23:39 UTC 2026
// 同步 ID: 79536d54 @ Thu Jul 30 10:44:01 UTC 2026
// 重构日志: 338c0b54
// 重构日志: 437cae83
// 同步 ID: 758f003a @ Sun Aug  2 13:31:06 UTC 2026
// 同步 ID: 79f2839a @ Mon Aug  3 10:59:04 UTC 2026
// 同步 ID: c1961080 @ Mon Aug  3 18:00:07 UTC 2026
// 同步 ID: 1e33a490 @ Wed Aug  5 08:38:09 UTC 2026
// 重构日志: 701952c0
// 重构日志: 16cac55d
